// Jest Snapshot v1, https://goo.gl/fbAQLP

exports[`AlumniCard should match snapshot 1`] = `
"<div class=\\"alumni-card\\">
  <v-card-stub loaderheight=\\"4\\" tag=\\"div\\" class=\\"mx-auto fixed-height\\">
    <v-card-title-stub tag=\\"div\\" class=\\"name-container\\"></v-card-title-stub>
    <v-card-subtitle-stub tag=\\"div\\" class=\\"subtitle-container\\">undefined - undefined</v-card-subtitle-stub>
    <v-divider-stub class=\\"mx-4 mb-1\\"></v-divider-stub>
    <v-card-text-stub tag=\\"div\\" class=\\"scrollable-content\\">
      <v-layout-stub tag=\\"div\\" row=\\"\\" wrap=\\"\\" justify-center=\\"\\" class=\\"icon-row mt-2\\"></v-layout-stub>
    </v-card-text-stub>
  </v-card-stub>
</div>"
`;
