// Jest Snapshot v1, https://goo.gl/fbAQLP

exports[`CollaboratorsCard should match snapshot 1`] = `
"<v-card-stub loaderheight=\\"4\\" href=\\"https://projectname.com\\" tag=\\"div\\" target=\\"_blank\\" maxheight=\\"350\\" maxwidth=\\"344\\" minheight=\\"250\\" hover=\\"true\\" class=\\"mx-auto mb-5\\">
  <div class=\\"image-container\\">
    <v-img-stub maxwidth=\\"80%\\" options=\\"[object Object]\\" position=\\"center center\\" src=\\"https://via.placeholder.com/150\\" transition=\\"fade-transition\\" class=\\"responsive-img\\"></v-img-stub>
  </div>
  <v-divider-stub></v-divider-stub>
  <h3 class=\\"text-center mt-3\\">Project Name</h3>
</v-card-stub>"
`;
