// Jest Snapshot v1, https://goo.gl/fbAQLP

exports[`FeatureCard should match snapshot 1`] = `
"<div>
  <v-avatar-stub color=\\"primary\\" size=\\"62\\" class=\\"mb-10\\"></v-avatar-stub>
  <h2 class=\\"text-h6 mb-2\\"></h2>
  <p class=\\"body-1\\"></p>
  <v-btn-stub color=\\"primary\\" tag=\\"button\\" activeclass=\\"\\" to=\\"someroute\\" text=\\"true\\" type=\\"button\\" class=\\"mt-2\\"> Learn More </v-btn-stub>
</div>"
`;
