// Jest Snapshot v1, https://goo.gl/fbAQLP

exports[`HeroNumbers should match snapshot 1`] = `
"<v-parallax-stub height=\\"170\\" alt=\\"\\" src=\\"\\">
  <v-container-stub tag=\\"div\\">
    <v-row-stub tag=\\"div\\" align=\\"center\\" justify=\\"center\\" class=\\"root\\">
      <v-col-stub cols=\\"12\\" sm=\\"3\\" tag=\\"div\\" align=\\"center\\">
        <div class=\\"counter-item\\"><span class=\\"icon ion-leaf\\"></span>
          <div class=\\"text\\">
            <h4 class=\\"text-h3\\">
              <animated-number-stub value=\\"5\\"></animated-number-stub>
            </h4>
            <h6 class=\\"title\\">
              Community
            </h6>
          </div>
        </div>
      </v-col-stub>
      <v-col-stub cols=\\"12\\" sm=\\"3\\" tag=\\"div\\" align=\\"center\\">
        <div class=\\"counter-item\\"><span class=\\"icon ion-ios-lightbulb-outline\\"></span>
          <div class=\\"text\\">
            <h4 class=\\"text-h3\\">
              <animated-number-stub value=\\"10\\"></animated-number-stub>
            </h4>
            <h6 class=\\"title\\">
              Tool
            </h6>
          </div>
        </div>
      </v-col-stub>
      <v-col-stub cols=\\"12\\" sm=\\"3\\" tag=\\"div\\" align=\\"center\\">
        <div class=\\"counter-item\\"><span class=\\"icon ion-ios-world-outline\\"></span>
          <div class=\\"text\\">
            <h4 class=\\"text-h3 font-weight-normal\\">
              <animated-number-stub value=\\"20\\"></animated-number-stub>
            </h4>
            <h6 class=\\"title\\">
              Resource
            </h6>
          </div>
        </div>
      </v-col-stub>
      <v-col-stub cols=\\"12\\" sm=\\"3\\" tag=\\"div\\" align=\\"center\\">
        <div class=\\"counter-item\\"><span class=\\"icon ion-ios-world-outline\\"></span>
          <div class=\\"text\\">
            <h4 class=\\"text-h3 font-weight-normal\\">
              <animated-number-stub value=\\"0\\"></animated-number-stub>
            </h4>
            <h6 class=\\"title\\">
              Project Space
            </h6>
          </div>
        </div>
      </v-col-stub>
    </v-row-stub>
  </v-container-stub>
</v-parallax-stub>"
`;
