// Jest Snapshot v1, https://goo.gl/fbAQLP

exports[`LogoSlider should match snapshot 1`] = `
"<div class=\\"container\\">
  <h2 class=\\"text-h4\\">Our partners</h2>
  <div class=\\"pa-4 v-item-group theme--light v-slide-group\\">
    <div class=\\"v-slide-group__prev v-slide-group__prev--disabled\\">
      <transition-stub name=\\"fade-transition\\"><i aria-hidden=\\"true\\" class=\\"v-icon notranslate v-icon--disabled mdi mdi-chevron-left theme--light\\"></i></transition-stub>
    </div>
    <div class=\\"v-slide-group__wrapper\\">
      <div class=\\"v-slide-group__content\\">
        <div class=\\"v-image v-responsive ma-5 pa-2 theme--light\\" style=\\"max-height: 150px; max-width: 200px;\\">
          <div class=\\"v-responsive__content\\"></div>
        </div>
        <div class=\\"v-image v-responsive ma-5 pa-2 theme--light\\" style=\\"max-height: 150px; max-width: 200px;\\">
          <div class=\\"v-responsive__content\\"></div>
        </div>
        <div class=\\"v-image v-responsive ma-5 pa-2 theme--light\\" style=\\"max-height: 150px; max-width: 200px;\\">
          <div class=\\"v-responsive__content\\"></div>
        </div>
        <div class=\\"v-image v-responsive ma-5 pa-2 theme--light\\" style=\\"max-height: 150px; max-width: 200px;\\">
          <div class=\\"v-responsive__content\\"></div>
        </div>
        <div class=\\"v-image v-responsive ma-5 pa-2 theme--light\\" style=\\"max-height: 150px; max-width: 200px;\\">
          <div class=\\"v-responsive__content\\"></div>
        </div>
        <div class=\\"v-image v-responsive ma-5 pa-2 theme--light\\" style=\\"max-height: 150px; max-width: 200px;\\">
          <div class=\\"v-responsive__content\\"></div>
        </div>
      </div>
    </div>
    <div class=\\"v-slide-group__next v-slide-group__next--disabled\\">
      <transition-stub name=\\"fade-transition\\"><i aria-hidden=\\"true\\" class=\\"v-icon notranslate v-icon--disabled mdi mdi-chevron-right theme--light\\"></i></transition-stub>
    </div>
  </div>
</div>"
`;
